2025-08-07 23:30:22,097 - INFO - ✅ Connected to binance
2025-08-07 23:30:22,102 - WARNING - ❌ Database logger not available: No module named 'trade_logger'
2025-08-07 23:30:22,106 - WARNING - ⚠️  TradeLogger initialized in offline mode (psycopg2 not available)
2025-08-07 23:30:22,106 - INFO - ✅ Database logger initialized (alternative path)
2025-08-07 23:30:22,106 - INFO - 🔍 Starting ICT FVG scan of top 500 symbols...
2025-08-07 23:30:24,552 - ERROR - ❌ Failed to start database scan: 'TradeLogger' object has no attribute 'start_scan'
2025-08-07 23:31:34,139 - INFO - ✅ Connected to binance
2025-08-07 23:31:34,144 - WARNING - ❌ Database logger not available: No module named 'trade_logger'
2025-08-07 23:31:34,148 - WARNING - ⚠️  TradeLogger initialized in offline mode (psycopg2 not available)
2025-08-07 23:31:34,148 - INFO - ✅ Database logger initialized (alternative path)
2025-08-07 23:31:34,148 - INFO - 🔍 Starting ICT FVG scan of top 500 symbols...
2025-08-07 23:31:37,513 - INFO - ✅ Database scan started: None
2025-08-07 23:33:18,789 - INFO - 📊 Scan complete: 0 setups found, 0 alerts sent
2025-08-07 23:33:25,402 - INFO - ✅ Connected to binance
2025-08-07 23:33:25,408 - WARNING - ❌ Database logger not available: No module named 'trade_logger'
2025-08-07 23:33:25,412 - WARNING - ⚠️  TradeLogger initialized in offline mode (psycopg2 not available)
2025-08-07 23:33:25,413 - INFO - ✅ Database logger initialized (alternative path)
2025-08-07 23:33:25,413 - INFO - 🔍 Starting ICT FVG scan of top 500 symbols...
2025-08-07 23:33:27,602 - INFO - ✅ Database scan started: None
2025-08-07 23:35:01,276 - INFO - 📊 Scan complete: 0 setups found, 0 alerts sent
2025-08-07 23:35:49,051 - INFO - ✅ Connected to binance
2025-08-07 23:35:49,057 - WARNING - ❌ Database logger not available: No module named 'trade_logger'
2025-08-07 23:35:49,061 - WARNING - ⚠️  TradeLogger initialized in offline mode (psycopg2 not available)
2025-08-07 23:35:49,061 - INFO - ✅ Database logger initialized (alternative path)
2025-08-07 23:35:49,061 - INFO - 🔍 Starting ICT FVG scan of top 50 symbols...
2025-08-07 23:35:51,058 - INFO - ✅ Database scan started: None
2025-08-07 23:35:51,058 - INFO - 📊 Progress: 0/50 symbols scanned
2025-08-07 23:35:54,256 - INFO - 📊 Progress: 10/50 symbols scanned
2025-08-07 23:35:57,482 - INFO - 📊 Progress: 20/50 symbols scanned
2025-08-07 23:36:00,889 - INFO - 📊 Progress: 30/50 symbols scanned
2025-08-07 23:36:04,035 - INFO - 📊 Progress: 40/50 symbols scanned
2025-08-07 23:36:07,291 - INFO - 📊 Scan complete: 0 setups found, 0 alerts sent
