2025-08-08 14:36:11,151 - INFO - Connected to binance
2025-08-08 14:37:26,203 - ERROR - ❌ Database connection failed: connection to server at "crypto-scanner-db-do-user-24043773-0.h.db.ondigitalocean.com" (128.199.202.109), port 25060 failed: Operation timed out
	Is the server running on that host and accepting TCP/IP connections?

2025-08-08 14:37:26,212 - INFO - ✅ Database logger initialized
2025-08-08 14:37:26,212 - INFO - Starting continuous scanner (interval: 900s)
2025-08-08 14:37:26,212 - INFO - Starting scan of top 500 symbols...
2025-08-08 14:37:26,212 - INFO - ✅ Scan started with ID: None
2025-08-08 14:37:28,309 - INFO - Scanning 319 symbols
2025-08-08 14:37:28,311 - INFO - Progress: 0/319 symbols scanned
2025-08-08 14:37:29,127 - INFO - 🔧 Enriching data for BTC/USDT
2025-08-08 14:37:31,620 - INFO - 📊 Found setup for BTC/USDT: Quality=100, R/R=0.5464295628166213
2025-08-08 14:37:33,249 - INFO - 🔧 Enriching data for ENA/USDT
2025-08-08 14:37:34,009 - INFO - 📊 Found setup for ENA/USDT: Quality=100, R/R=2.474184782608698
2025-08-08 14:37:34,009 - INFO - Progress: 10/319 symbols scanned
2025-08-08 14:37:36,101 - INFO - Progress: 20/319 symbols scanned
2025-08-08 14:37:38,134 - INFO - Progress: 30/319 symbols scanned
2025-08-08 14:37:38,532 - INFO - 🔧 Enriching data for AAVE/USDT
2025-08-08 14:37:39,288 - INFO - 📊 Found setup for AAVE/USDT: Quality=81.0, R/R=4.509091519055313
2025-08-08 14:37:41,118 - INFO - Progress: 40/319 symbols scanned
2025-08-08 14:37:43,193 - INFO - Progress: 50/319 symbols scanned
2025-08-08 14:37:46,059 - INFO - 🔧 Enriching data for S/USDT
2025-08-08 14:37:46,810 - INFO - 📊 Found setup for S/USDT: Quality=100, R/R=0.2667480035492502
2025-08-08 14:37:47,012 - INFO - Progress: 60/319 symbols scanned
2025-08-08 14:37:49,552 - INFO - Progress: 70/319 symbols scanned
2025-08-08 14:37:51,967 - INFO - Progress: 80/319 symbols scanned
2025-08-08 14:37:54,707 - INFO - 🔧 Enriching data for SHELL/USDT
2025-08-08 14:37:55,457 - INFO - 📊 Found setup for SHELL/USDT: Quality=100.0, R/R=3.649622892635328
2025-08-08 14:37:55,457 - INFO - Progress: 90/319 symbols scanned
2025-08-08 14:37:57,854 - INFO - Progress: 100/319 symbols scanned
2025-08-08 14:37:59,894 - INFO - Progress: 110/319 symbols scanned
2025-08-08 14:38:01,873 - INFO - 🔧 Enriching data for SAHARA/USDT
2025-08-08 14:38:02,625 - INFO - 📊 Found setup for SAHARA/USDT: Quality=100, R/R=1.3209406120961784
2025-08-08 14:38:03,430 - INFO - Progress: 120/319 symbols scanned
2025-08-08 14:38:05,135 - INFO - 🔧 Enriching data for WBTC/USDT
2025-08-08 14:38:05,925 - INFO - 📊 Found setup for WBTC/USDT: Quality=90.0, R/R=0.556289937392903
2025-08-08 14:38:06,542 - INFO - Progress: 130/319 symbols scanned
2025-08-08 14:38:07,974 - INFO - 🔧 Enriching data for IOTX/USDT
2025-08-08 14:38:08,796 - INFO - 📊 Found setup for IOTX/USDT: Quality=100, R/R=0.6524936061381065
2025-08-08 14:38:10,051 - INFO - 🔧 Enriching data for A/USDT
2025-08-08 14:38:10,813 - INFO - 📊 Found setup for A/USDT: Quality=100.0, R/R=2.227989130434697
2025-08-08 14:38:11,018 - INFO - Progress: 140/319 symbols scanned
2025-08-08 14:38:11,827 - INFO - 🔧 Enriching data for XAI/USDT
2025-08-08 14:38:12,575 - INFO - 📊 Found setup for XAI/USDT: Quality=100.0, R/R=2.749094202898562
2025-08-08 14:38:14,028 - INFO - Progress: 150/319 symbols scanned
2025-08-08 14:38:16,020 - INFO - 🔧 Enriching data for STX/USDT
2025-08-08 14:38:16,787 - INFO - 📊 Found setup for STX/USDT: Quality=100.0, R/R=0.5
2025-08-08 14:38:17,635 - INFO - Progress: 160/319 symbols scanned
2025-08-08 14:38:18,243 - INFO - 🔧 Enriching data for HOOK/USDT
2025-08-08 14:38:19,035 - INFO - 📊 Found setup for HOOK/USDT: Quality=80.0, R/R=9.171739130434762
2025-08-08 14:38:20,700 - INFO - 🔧 Enriching data for QNT/USDT
2025-08-08 14:38:21,455 - INFO - 📊 Found setup for QNT/USDT: Quality=100, R/R=0.06426263219740926
2025-08-08 14:38:21,659 - INFO - Progress: 170/319 symbols scanned
2025-08-08 14:38:22,492 - INFO - 🔧 Enriching data for JTO/USDT
2025-08-08 14:38:23,251 - INFO - 📊 Found setup for JTO/USDT: Quality=95.0, R/R=3.2690217391304164
2025-08-08 14:38:24,687 - INFO - Progress: 180/319 symbols scanned
2025-08-08 14:38:25,513 - INFO - 🔧 Enriching data for 1000SATS/USDT
2025-08-08 14:38:26,309 - INFO - 📊 Found setup for 1000SATS/USDT: Quality=100, R/R=3.9708751393533697
2025-08-08 14:38:27,766 - INFO - Progress: 190/319 symbols scanned
2025-08-08 14:38:28,618 - INFO - 🔧 Enriching data for FIO/USDT
2025-08-08 14:38:29,371 - INFO - 📊 Found setup for FIO/USDT: Quality=100, R/R=0.22388852566198456
2025-08-08 14:38:30,827 - INFO - Progress: 200/319 symbols scanned
2025-08-08 14:38:32,900 - INFO - Progress: 210/319 symbols scanned
2025-08-08 14:38:34,210 - INFO - 🔧 Enriching data for GPS/USDT
2025-08-08 14:38:34,961 - INFO - 📊 Found setup for GPS/USDT: Quality=100, R/R=0.4494565217391242
2025-08-08 14:38:36,626 - INFO - Progress: 220/319 symbols scanned
2025-08-08 14:38:38,591 - INFO - 🔧 Enriching data for MANTA/USDT
2025-08-08 14:38:39,337 - INFO - 📊 Found setup for MANTA/USDT: Quality=100.0, R/R=4.266304347826089
2025-08-08 14:38:39,970 - INFO - Progress: 230/319 symbols scanned
2025-08-08 14:38:42,026 - INFO - 🔧 Enriching data for ME/USDT
2025-08-08 14:38:42,768 - INFO - 📊 Found setup for ME/USDT: Quality=100, R/R=0.5095108695652174
2025-08-08 14:38:42,976 - INFO - Progress: 240/319 symbols scanned
2025-08-08 14:38:45,291 - INFO - Progress: 250/319 symbols scanned
2025-08-08 14:38:45,893 - INFO - 🔧 Enriching data for STORJ/USDT
2025-08-08 14:38:46,642 - INFO - 📊 Found setup for STORJ/USDT: Quality=100, R/R=1.1440951821386465
2025-08-08 14:38:48,309 - INFO - Progress: 260/319 symbols scanned
2025-08-08 14:38:50,631 - INFO - Progress: 270/319 symbols scanned
2025-08-08 14:38:51,749 - INFO - 🔧 Enriching data for CYBER/USDT
2025-08-08 14:38:52,857 - INFO - 📊 Found setup for CYBER/USDT: Quality=95.0, R/R=0.4276315789473754
2025-08-08 14:38:54,081 - INFO - 🔧 Enriching data for NFP/USDT
2025-08-08 14:38:54,831 - INFO - 📊 Found setup for NFP/USDT: Quality=75.0, R/R=4.7326086956521785
2025-08-08 14:38:55,447 - INFO - Progress: 280/319 symbols scanned
2025-08-08 14:38:57,286 - INFO - 🔧 Enriching data for XVG/USDT
2025-08-08 14:38:58,043 - INFO - 📊 Found setup for XVG/USDT: Quality=100, R/R=3.33152173913046
2025-08-08 14:38:58,453 - INFO - Progress: 290/319 symbols scanned
2025-08-08 14:39:00,094 - INFO - 🔧 Enriching data for FIS/USDT
2025-08-08 14:39:00,846 - INFO - 📊 Found setup for FIS/USDT: Quality=100, R/R=0.710227272727271
2025-08-08 14:39:01,490 - INFO - Progress: 300/319 symbols scanned
2025-08-08 14:39:02,711 - INFO - 🔧 Enriching data for API3/USDT
2025-08-08 14:39:03,473 - INFO - 📊 Found setup for API3/USDT: Quality=100.0, R/R=4.31413043478272
2025-08-08 14:39:04,094 - INFO - 🔧 Enriching data for PORTO/USDT
2025-08-08 14:39:04,850 - INFO - 📊 Found setup for PORTO/USDT: Quality=90.0, R/R=3.3315217391304053
2025-08-08 14:39:05,488 - INFO - Progress: 310/319 symbols scanned
2025-08-08 14:39:07,738 - INFO - Found 26 setups, showing top 20
2025-08-08 14:39:07,739 - INFO - 
🟢 LONG Signal: API3/USDT
━━━━━━━━━━━━━━━━━━━━━━━━

📊 FVG ZONE:
- Gap High: $0.7150
- Gap Low: $0.7100
- Entry (Midpoint): $0.7125

📈 MARKET STRUCTURE:
- Swing High: $0.6920
- Swing Low: $0.6750
- Swing Range: 2.5%

💹 CURRENT STATUS:
- Price Now: $0.7240
- Distance to Entry: -1.6%
- Action: Wait for pullback to entry

🛑 RISK MANAGEMENT:
- Stop Loss: $0.7088 (-0.5%)
- Risk/Reward: 4.3:1

🎯 SMART FIBONACCI TARGETS:
- T1: $0.6966 (+2.2%) [127.2%] - Exit 50%
- T2: $0.7025 (+1.4%) [161.8%] - Exit 30%
- T3: $0.7090 (+0.5%) [200%+] - Exit 20%

📈 SETUP QUALITY:
- FVG Score: 80/100
- Fib Confluence: 20/100
- Final Score: 100/100
- Gap Size: 0.7%
- FVG Age: 2 bars
- Volume Surge: Yes ✅
- Category: Others

💡 Strategy: R21 FVG + Smart Fibonacci
⏰ Time: 2025-08-08 14:39

2025-08-08 14:39:07,739 - INFO - 
🟢 LONG Signal: MANTA/USDT
━━━━━━━━━━━━━━━━━━━━━━━━

📊 FVG ZONE:
- Gap High: $0.2200
- Gap Low: $0.2180
- Entry (Midpoint): $0.2190

📈 MARKET STRUCTURE:
- Swing High: $0.2100
- Swing Low: $0.2000
- Swing Range: 5.0%

💹 CURRENT STATUS:
- Price Now: $0.2230
- Distance to Entry: -1.8%
- Action: Wait for pullback to entry

🛑 RISK MANAGEMENT:
- Stop Loss: $0.2175 (-0.7%)
- Risk/Reward: 4.3:1

🎯 SMART FIBONACCI TARGETS:
- T1: $0.2127 (+2.9%) [127.2%] - Exit 50%
- T2: $0.2162 (+1.3%) [161.8%] - Exit 30%
- T3: $0.2200 (+0.5%) [200%+] - Exit 20%

📈 SETUP QUALITY:
- FVG Score: 80/100
- Fib Confluence: 20/100
- Final Score: 100/100
- Gap Size: 0.9%
- FVG Age: 2 bars
- Volume Surge: Yes ✅
- Category: Others

💡 Strategy: R21 FVG + Smart Fibonacci
⏰ Time: 2025-08-08 14:38

2025-08-08 14:39:07,739 - INFO - 
🟢 LONG Signal: 1000SATS/USDT
━━━━━━━━━━━━━━━━━━━━━━━━

📊 FVG ZONE:
- Gap High: $0.0000
- Gap Low: $0.0000
- Entry (Midpoint): $0.0000

📈 MARKET STRUCTURE:
- Swing High: $0.0000
- Swing Low: $0.0000
- Swing Range: 19.3%

💹 CURRENT STATUS:
- Price Now: $0.0000
- Distance to Entry: -1.6%
- Action: Wait for pullback to entry

🛑 RISK MANAGEMENT:
- Stop Loss: $0.0000 (-0.7%)
- Risk/Reward: 4.0:1

🎯 SMART FIBONACCI TARGETS:
- T1: $0.0000 (+2.9%) [78.6%] - Exit 50%
- T2: $0.0000 (+6.6%) [100%] - Exit 30%
- T3: $0.0000 (+17.2%) [161.8%] - Exit 20%

📈 SETUP QUALITY:
- FVG Score: 80/100
- Fib Confluence: 30/100
- Final Score: 100/100
- Gap Size: 1.0%
- FVG Age: 2 bars
- Volume Surge: Yes ✅
- Category: Others

💡 Strategy: R21 FVG + Smart Fibonacci
⏰ Time: 2025-08-08 14:38

2025-08-08 14:39:07,739 - INFO - 
🟢 LONG Signal: SHELL/USDT
━━━━━━━━━━━━━━━━━━━━━━━━

📊 FVG ZONE:
- Gap High: $0.1624
- Gap Low: $0.1575
- Entry (Midpoint): $0.1599

📈 MARKET STRUCTURE:
- Swing High: $0.1457
- Swing Low: $0.1417
- Swing Range: 2.8%

💹 CURRENT STATUS:
- Price Now: $0.1596
- Distance to Entry: 0.2%
- Action: Enter LONG now (at FVG midpoint)

🛑 RISK MANAGEMENT:
- Stop Loss: $0.1563 (-2.3%)
- Risk/Reward: 3.6:1

🎯 SMART FIBONACCI TARGETS:
- T1: $0.1468 (+8.2%) [127.2%] - Exit 50%
- T2: $0.1482 (+7.4%) [161.8%] - Exit 30%
- T3: $0.1497 (+6.4%) [200%+] - Exit 20%

📈 SETUP QUALITY:
- FVG Score: 100/100
- Fib Confluence: 0/100
- Final Score: 100/100
- Gap Size: 3.1%
- FVG Age: 2 bars
- Volume Surge: Yes ✅
- Category: Others

💡 Strategy: R21 FVG + Smart Fibonacci
⏰ Time: 2025-08-08 14:37

2025-08-08 14:39:07,739 - INFO - 
🟢 LONG Signal: XVG/USDT
━━━━━━━━━━━━━━━━━━━━━━━━

📊 FVG ZONE:
- Gap High: $0.0065
- Gap Low: $0.0065
- Entry (Midpoint): $0.0065

📈 MARKET STRUCTURE:
- Swing High: $0.0065
- Swing Low: $0.0057
- Swing Range: 14.2%

💹 CURRENT STATUS:
- Price Now: $0.0066
- Distance to Entry: -0.9%
- Action: Enter LONG now (at FVG midpoint)

🛑 RISK MANAGEMENT:
- Stop Loss: $0.0064 (-1.0%)
- Risk/Reward: 3.3:1

🎯 SMART FIBONACCI TARGETS:
- T1: $0.0067 (+3.3%) [127.2%] - Exit 50%
- T2: $0.0070 (+7.6%) [161.8%] - Exit 30%
- T3: $0.0073 (+12.4%) [200%+] - Exit 20%

📈 SETUP QUALITY:
- FVG Score: 90/100
- Fib Confluence: 20/100
- Final Score: 100/100
- Gap Size: 1.4%
- FVG Age: 2 bars
- Volume Surge: Yes ✅
- Category: Others

💡 Strategy: R21 FVG + Smart Fibonacci
⏰ Time: 2025-08-08 14:38

2025-08-08 14:39:07,739 - INFO - 
🟢 LONG Signal: XAI/USDT
━━━━━━━━━━━━━━━━━━━━━━━━

📊 FVG ZONE:
- Gap High: $0.0518
- Gap Low: $0.0506
- Entry (Midpoint): $0.0512

📈 MARKET STRUCTURE:
- Swing High: $0.0485
- Swing Low: $0.0475
- Swing Range: 2.1%

💹 CURRENT STATUS:
- Price Now: $0.0522
- Distance to Entry: -1.9%
- Action: Wait for pullback to entry

🛑 RISK MANAGEMENT:
- Stop Loss: $0.0503 (-1.7%)
- Risk/Reward: 2.7:1

🎯 SMART FIBONACCI TARGETS:
- T1: $0.0488 (+4.7%) [127.2%] - Exit 50%
- T2: $0.0491 (+4.1%) [161.8%] - Exit 30%
- T3: $0.0495 (+3.3%) [200%+] - Exit 20%

📈 SETUP QUALITY:
- FVG Score: 100/100
- Fib Confluence: 0/100
- Final Score: 100/100
- Gap Size: 2.4%
- FVG Age: 2 bars
- Volume Surge: Yes ✅
- Category: Others

💡 Strategy: R21 FVG + Smart Fibonacci
⏰ Time: 2025-08-08 14:38

2025-08-08 14:39:07,739 - INFO - 
🟢 LONG Signal: ENA/USDT
━━━━━━━━━━━━━━━━━━━━━━━━

📊 FVG ZONE:
- Gap High: $0.6157
- Gap Low: $0.6077
- Entry (Midpoint): $0.6117

📈 MARKET STRUCTURE:
- Swing High: $0.6109
- Swing Low: $0.5544
- Swing Range: 10.2%

💹 CURRENT STATUS:
- Price Now: $0.6177
- Distance to Entry: -1.0%
- Action: Enter LONG now (at FVG midpoint)

🛑 RISK MANAGEMENT:
- Stop Loss: $0.6058 (-1.0%)
- Risk/Reward: 2.5:1

🎯 SMART FIBONACCI TARGETS:
- T1: $0.6263 (+2.4%) [127.2%] - Exit 50%
- T2: $0.6458 (+5.6%) [161.8%] - Exit 30%
- T3: $0.6674 (+9.1%) [200%+] - Exit 20%

📈 SETUP QUALITY:
- FVG Score: 85/100
- Fib Confluence: 20/100
- Final Score: 100/100
- Gap Size: 1.3%
- FVG Age: 5 bars
- Volume Surge: Yes ✅
- Category: Others

💡 Strategy: R21 FVG + Smart Fibonacci
⏰ Time: 2025-08-08 14:37

2025-08-08 14:39:07,739 - INFO - 
🟢 LONG Signal: A/USDT
━━━━━━━━━━━━━━━━━━━━━━━━

📊 FVG ZONE:
- Gap High: $0.5274
- Gap Low: $0.5234
- Entry (Midpoint): $0.5254

📈 MARKET STRUCTURE:
- Swing High: $0.5137
- Swing Low: $0.4948
- Swing Range: 3.8%

💹 CURRENT STATUS:
- Price Now: $0.5291
- Distance to Entry: -0.7%
- Action: Enter LONG now (at FVG midpoint)

🛑 RISK MANAGEMENT:
- Stop Loss: $0.5225 (-0.6%)
- Risk/Reward: 2.2:1

🎯 SMART FIBONACCI TARGETS:
- T1: $0.5188 (+1.2%) [127.2%] - Exit 50%
- T2: $0.5254 (+0.0%) [161.8%] - Exit 30%
- T3: $0.5326 (+1.4%) [200%+] - Exit 20%

📈 SETUP QUALITY:
- FVG Score: 80/100
- Fib Confluence: 20/100
- Final Score: 100/100
- Gap Size: 0.8%
- FVG Age: 2 bars
- Volume Surge: Yes ✅
- Category: Others

💡 Strategy: R21 FVG + Smart Fibonacci
⏰ Time: 2025-08-08 14:38

2025-08-08 14:39:07,739 - INFO - 
🟢 LONG Signal: SAHARA/USDT
━━━━━━━━━━━━━━━━━━━━━━━━

📊 FVG ZONE:
- Gap High: $0.0882
- Gap Low: $0.0864
- Entry (Midpoint): $0.0873

📈 MARKET STRUCTURE:
- Swing High: $0.0914
- Swing Low: $0.0805
- Swing Range: 13.6%

💹 CURRENT STATUS:
- Price Now: $0.0875
- Distance to Entry: -0.2%
- Action: Enter LONG now (at FVG midpoint)

🛑 RISK MANAGEMENT:
- Stop Loss: $0.0860 (-1.5%)
- Risk/Reward: 1.3:1

🎯 SMART FIBONACCI TARGETS:
- T1: $0.0891 (+2.0%) [78.6%] - Exit 50%
- T2: $0.0914 (+4.7%) [100%] - Exit 30%
- T3: $0.0982 (+12.4%) [161.8%] - Exit 20%

📈 SETUP QUALITY:
- FVG Score: 90/100
- Fib Confluence: 30/100
- Final Score: 100/100
- Gap Size: 2.1%
- FVG Age: 5 bars
- Volume Surge: Yes ✅
- Category: Others

💡 Strategy: R21 FVG + Smart Fibonacci
⏰ Time: 2025-08-08 14:38

2025-08-08 14:39:07,739 - INFO - 
🟢 LONG Signal: STORJ/USDT
━━━━━━━━━━━━━━━━━━━━━━━━

📊 FVG ZONE:
- Gap High: $0.2662
- Gap Low: $0.2625
- Entry (Midpoint): $0.2643

📈 MARKET STRUCTURE:
- Swing High: $0.2605
- Swing Low: $0.2578
- Swing Range: 1.0%

💹 CURRENT STATUS:
- Price Now: $0.2688
- Distance to Entry: -1.7%
- Action: Wait for pullback to entry

🛑 RISK MANAGEMENT:
- Stop Loss: $0.2616 (-1.0%)
- Risk/Reward: 1.1:1

🎯 SMART FIBONACCI TARGETS:
- T1: $0.2612 (+1.2%) [127.2%] - Exit 50%
- T2: $0.2622 (+0.8%) [161.8%] - Exit 30%
- T3: $0.2632 (+0.4%) [200%+] - Exit 20%

📈 SETUP QUALITY:
- FVG Score: 85/100
- Fib Confluence: 20/100
- Final Score: 100/100
- Gap Size: 1.4%
- FVG Age: 5 bars
- Volume Surge: Yes ✅
- Category: Others

💡 Strategy: R21 FVG + Smart Fibonacci
⏰ Time: 2025-08-08 14:38

2025-08-08 14:39:07,739 - INFO - 
🔴 SHORT Signal: FIS/USDT
━━━━━━━━━━━━━━━━━━━━━━━━

📊 FVG ZONE:
- Gap High: $0.1218
- Gap Low: $0.1196
- Entry (Midpoint): $0.1207

📈 MARKET STRUCTURE:
- Swing High: $0.1262
- Swing Low: $0.1129
- Swing Range: 11.8%

💹 CURRENT STATUS:
- Price Now: $0.1189
- Distance to Entry: 1.5%
- Action: Wait for rally to entry

🛑 RISK MANAGEMENT:
- Stop Loss: $0.1223 (-1.3%)
- Risk/Reward: 0.7:1

🎯 SMART FIBONACCI TARGETS:
- T1: $0.1196 (+1.0%) [50%] - Exit 50%
- T2: $0.1180 (+2.3%) [61.8%] - Exit 30%
- T3: $0.1129 (+6.5%) [100%] - Exit 20%

📈 SETUP QUALITY:
- FVG Score: 90/100
- Fib Confluence: 30/100
- Final Score: 100/100
- Gap Size: 1.8%
- FVG Age: 12 bars
- Volume Surge: Yes ✅
- Category: Others

💡 Strategy: R21 FVG + Smart Fibonacci
⏰ Time: 2025-08-08 14:39

2025-08-08 14:39:07,739 - INFO - 
🟢 LONG Signal: IOTX/USDT
━━━━━━━━━━━━━━━━━━━━━━━━

📊 FVG ZONE:
- Gap High: $0.0318
- Gap Low: $0.0309
- Entry (Midpoint): $0.0313

📈 MARKET STRUCTURE:
- Swing High: $0.0304
- Swing Low: $0.0285
- Swing Range: 6.7%

💹 CURRENT STATUS:
- Price Now: $0.0318
- Distance to Entry: -1.6%
- Action: Wait for pullback to entry

🛑 RISK MANAGEMENT:
- Stop Loss: $0.0307 (-2.0%)
- Risk/Reward: 0.7:1

🎯 SMART FIBONACCI TARGETS:
- T1: $0.0309 (+1.3%) [127.2%] - Exit 50%
- T2: $0.0316 (+0.8%) [161.8%] - Exit 30%
- T3: $0.0323 (+3.1%) [200%+] - Exit 20%

📈 SETUP QUALITY:
- FVG Score: 100/100
- Fib Confluence: 20/100
- Final Score: 100/100
- Gap Size: 2.7%
- FVG Age: 0 bars
- Volume Surge: Yes ✅
- Category: Others

💡 Strategy: R21 FVG + Smart Fibonacci
⏰ Time: 2025-08-08 14:38

2025-08-08 14:39:07,739 - INFO - 
🟢 LONG Signal: BTC/USDT
━━━━━━━━━━━━━━━━━━━━━━━━

📊 FVG ZONE:
- Gap High: $116035.8400
- Gap Low: $114876.7900
- Entry (Midpoint): $115456.3150

📈 MARKET STRUCTURE:
- Swing High: $115340.0000
- Swing Low: $113198.6300
- Swing Range: 1.9%

💹 CURRENT STATUS:
- Price Now: $116535.7900
- Distance to Entry: -0.9%
- Action: Enter LONG now (at FVG midpoint)

🛑 RISK MANAGEMENT:
- Stop Loss: $114603.2542 (-0.7%)
- Risk/Reward: 0.5:1

🎯 SMART FIBONACCI TARGETS:
- T1: $115922.4526 (+0.4%) [127.2%] - Exit 50%
- T2: $116663.3667 (+1.0%) [161.8%] - Exit 30%
- T3: $117481.3700 (+1.8%) [200%+] - Exit 20%

📈 SETUP QUALITY:
- FVG Score: 85/100
- Fib Confluence: 20/100
- Final Score: 100/100
- Gap Size: 1.0%
- FVG Age: 5 bars
- Volume Surge: Yes ✅
- Category: Major Cryptos

💡 Strategy: R21 FVG + Smart Fibonacci
⏰ Time: 2025-08-08 14:37

2025-08-08 14:39:07,739 - INFO - 
🟢 LONG Signal: ME/USDT
━━━━━━━━━━━━━━━━━━━━━━━━

📊 FVG ZONE:
- Gap High: $0.7300
- Gap Low: $0.7220
- Entry (Midpoint): $0.7260

📈 MARKET STRUCTURE:
- Swing High: $0.7290
- Swing Low: $0.7070
- Swing Range: 3.1%

💹 CURRENT STATUS:
- Price Now: $0.7380
- Distance to Entry: -1.6%
- Action: Wait for pullback to entry

🛑 RISK MANAGEMENT:
- Stop Loss: $0.7201 (-0.8%)
- Risk/Reward: 0.5:1

🎯 SMART FIBONACCI TARGETS:
- T1: $0.7290 (+0.4%) [100%] - Exit 50%
- T2: $0.7350 (+1.2%) [127.2%] - Exit 30%
- T3: $0.7510 (+3.4%) [200%+] - Exit 20%

📈 SETUP QUALITY:
- FVG Score: 75/100
- Fib Confluence: 30/100
- Final Score: 100/100
- Gap Size: 1.1%
- FVG Age: 2 bars
- Volume Surge: Yes ✅
- Category: Others

💡 Strategy: R21 FVG + Smart Fibonacci
⏰ Time: 2025-08-08 14:38

2025-08-08 14:39:07,739 - INFO - 
🟢 LONG Signal: STX/USDT
━━━━━━━━━━━━━━━━━━━━━━━━

📊 FVG ZONE:
- Gap High: $0.7300
- Gap Low: $0.7240
- Entry (Midpoint): $0.7270

📈 MARKET STRUCTURE:
- Swing High: $0.7150
- Swing Low: $0.6790
- Swing Range: 5.3%

💹 CURRENT STATUS:
- Price Now: $0.7370
- Distance to Entry: -1.4%
- Action: Wait for pullback to entry

🛑 RISK MANAGEMENT:
- Stop Loss: $0.7226 (-0.6%)
- Risk/Reward: 0.5:1

🎯 SMART FIBONACCI TARGETS:
- T1: $0.7248 (+0.3%) [127.2%] - Exit 50%
- T2: $0.7372 (+1.4%) [161.8%] - Exit 30%
- T3: $0.7510 (+3.3%) [200%+] - Exit 20%

📈 SETUP QUALITY:
- FVG Score: 80/100
- Fib Confluence: 20/100
- Final Score: 100/100
- Gap Size: 0.8%
- FVG Age: 2 bars
- Volume Surge: Yes ✅
- Category: Others

💡 Strategy: R21 FVG + Smart Fibonacci
⏰ Time: 2025-08-08 14:38

2025-08-08 14:39:07,739 - INFO - 
🔴 SHORT Signal: GPS/USDT
━━━━━━━━━━━━━━━━━━━━━━━━

📊 FVG ZONE:
- Gap High: $0.0173
- Gap Low: $0.0171
- Entry (Midpoint): $0.0172

📈 MARKET STRUCTURE:
- Swing High: $0.0185
- Swing Low: $0.0175
- Swing Range: 5.5%

💹 CURRENT STATUS:
- Price Now: $0.0170
- Distance to Entry: 1.0%
- Action: Enter SHORT now (at FVG midpoint)

🛑 RISK MANAGEMENT:
- Stop Loss: $0.0173 (-0.9%)
- Risk/Reward: 0.4:1

🎯 SMART FIBONACCI TARGETS:
- T1: $0.0173 (+0.4%) [127.2%] - Exit 50%
- T2: $0.0169 (+1.6%) [161.8%] - Exit 30%
- T3: $0.0166 (+3.7%) [200%+] - Exit 20%

📈 SETUP QUALITY:
- FVG Score: 85/100
- Fib Confluence: 20/100
- Final Score: 100/100
- Gap Size: 1.2%
- FVG Age: 5 bars
- Volume Surge: Yes ✅
- Category: Others

💡 Strategy: R21 FVG + Smart Fibonacci
⏰ Time: 2025-08-08 14:38

2025-08-08 14:39:07,740 - INFO - 
🟢 LONG Signal: S/USDT
━━━━━━━━━━━━━━━━━━━━━━━━

📊 FVG ZONE:
- Gap High: $0.3004
- Gap Low: $0.2955
- Entry (Midpoint): $0.2979

📈 MARKET STRUCTURE:
- Swing High: $0.3088
- Swing Low: $0.2928
- Swing Range: 5.5%

💹 CURRENT STATUS:
- Price Now: $0.3000
- Distance to Entry: -0.7%
- Action: Enter LONG now (at FVG midpoint)

🛑 RISK MANAGEMENT:
- Stop Loss: $0.2943 (-1.2%)
- Risk/Reward: 0.3:1

🎯 SMART FIBONACCI TARGETS:
- T1: $0.2989 (+0.3%) [38.2%] - Exit 50%
- T2: $0.3008 (+1.0%) [50%] - Exit 30%
- T3: $0.3054 (+2.5%) [78.6%] - Exit 20%

📈 SETUP QUALITY:
- FVG Score: 85/100
- Fib Confluence: 30/100
- Final Score: 100/100
- Gap Size: 1.7%
- FVG Age: 2 bars
- Volume Surge: Yes ✅
- Category: Others

💡 Strategy: R21 FVG + Smart Fibonacci
⏰ Time: 2025-08-08 14:37

2025-08-08 14:39:07,740 - INFO - 
🔴 SHORT Signal: FIO/USDT
━━━━━━━━━━━━━━━━━━━━━━━━

📊 FVG ZONE:
- Gap High: $0.0179
- Gap Low: $0.0166
- Entry (Midpoint): $0.0173

📈 MARKET STRUCTURE:
- Swing High: $0.0184
- Swing Low: $0.0177
- Swing Range: 4.1%

💹 CURRENT STATUS:
- Price Now: $0.0172
- Distance to Entry: 0.2%
- Action: Enter SHORT now (at FVG midpoint)

🛑 RISK MANAGEMENT:
- Stop Loss: $0.0182 (-5.7%)
- Risk/Reward: 0.2:1

🎯 SMART FIBONACCI TARGETS:
- T1: $0.0175 (+1.3%) [127.2%] - Exit 50%
- T2: $0.0172 (+0.2%) [161.8%] - Exit 30%
- T3: $0.0170 (+1.8%) [200%+] - Exit 20%

📈 SETUP QUALITY:
- FVG Score: 100/100
- Fib Confluence: 20/100
- Final Score: 100/100
- Gap Size: 8.0%
- FVG Age: 4 bars
- Volume Surge: Yes ✅
- Category: Others

💡 Strategy: R21 FVG + Smart Fibonacci
⏰ Time: 2025-08-08 14:38

2025-08-08 14:39:07,740 - INFO - 
🟢 LONG Signal: QNT/USDT
━━━━━━━━━━━━━━━━━━━━━━━━

📊 FVG ZONE:
- Gap High: $112.4900
- Gap Low: $111.0100
- Entry (Midpoint): $111.7500

📈 MARKET STRUCTURE:
- Swing High: $111.8200
- Swing Low: $109.0000
- Swing Range: 2.6%

💹 CURRENT STATUS:
- Price Now: $113.7600
- Distance to Entry: -1.8%
- Action: Wait for pullback to entry

🛑 RISK MANAGEMENT:
- Stop Loss: $110.6607 (-1.0%)
- Risk/Reward: 0.1:1

🎯 SMART FIBONACCI TARGETS:
- T1: $111.8200 (+0.1%) [100%] - Exit 50%
- T2: $112.5870 (+0.7%) [127.2%] - Exit 30%
- T3: $114.6400 (+2.6%) [200%+] - Exit 20%

📈 SETUP QUALITY:
- FVG Score: 90/100
- Fib Confluence: 30/100
- Final Score: 100/100
- Gap Size: 1.3%
- FVG Age: 2 bars
- Volume Surge: Yes ✅
- Category: Others

💡 Strategy: R21 FVG + Smart Fibonacci
⏰ Time: 2025-08-08 14:38

2025-08-08 14:39:07,740 - INFO - 
🟢 LONG Signal: JTO/USDT
━━━━━━━━━━━━━━━━━━━━━━━━

📊 FVG ZONE:
- Gap High: $1.7770
- Gap Low: $1.7570
- Entry (Midpoint): $1.7670

📈 MARKET STRUCTURE:
- Swing High: $1.7080
- Swing Low: $1.6680
- Swing Range: 2.4%

💹 CURRENT STATUS:
- Price Now: $1.7880
- Distance to Entry: -1.2%
- Action: Wait for pullback to entry

🛑 RISK MANAGEMENT:
- Stop Loss: $1.7523 (-0.8%)
- Risk/Reward: 3.3:1

🎯 SMART FIBONACCI TARGETS:
- T1: $1.7189 (+2.7%) [127.2%] - Exit 50%
- T2: $1.7327 (+1.9%) [161.8%] - Exit 30%
- T3: $1.7480 (+1.1%) [200%+] - Exit 20%

📈 SETUP QUALITY:
- FVG Score: 75/100
- Fib Confluence: 20/100
- Final Score: 95/100
- Gap Size: 1.1%
- FVG Age: 2 bars
- Volume Surge: Yes ✅
- Category: Others

💡 Strategy: R21 FVG + Smart Fibonacci
⏰ Time: 2025-08-08 14:38

2025-08-08 14:39:07,740 - INFO - Scan complete. Found 26 high-quality setups, displayed 20
2025-08-08 14:39:07,740 - INFO - Performance Stats: {'total_scans': 1, 'setups_found': 26, 'alerts_sent': 40}
2025-08-08 14:39:07,740 - INFO - Next scan in 900 seconds...
2025-08-08 14:41:47,852 - INFO - Scanner stopped by user
